01:27:35 **** Build of configuration Debug for project CyDAQ_Comm ****
make all 
Building file: ../src/helloworld.c
Invoking: ARM v7 Linux gcc compiler
arm-linux-gnueabihf-gcc -Wall -O0 -g3 -c -fmessage-length=0 -MT"src/helloworld.o" --sysroot=/home/longz/sdmay23-47/firmware-petalinux/platform/CyDAQ_Linux/export/CyDAQ_Linux/sw/CyDAQ_Linux/linux_domain/sysroot/cortexa9t2hf-neon-xilinx-linux-gnueabi -I/home/longz/sdmay23-47/firmware-petalinux/platform/CyDAQ_Linux/export/CyDAQ_Linux/sw/CyDAQ_Linux/linux_domain/sysroot/cortexa9t2hf-neon-xilinx-linux-gnueabi/usr/include -MMD -MP -MF"src/helloworld.d" -MT"src/helloworld.o" -o "src/helloworld.o" "../src/helloworld.c"
Finished building: ../src/helloworld.c
 
Building target: CyDAQ_Comm.elf
Invoking: ARM v7 Linux gcc linker
arm-linux-gnueabihf-gcc -L/home/longz/sdmay23-47/firmware-petalinux/platform/CyDAQ_Linux/export/CyDAQ_Linux/sw/CyDAQ_Linux/linux_domain/sysroot/cortexa9t2hf-neon-xilinx-linux-gnueabi/lib -L/home/longz/sdmay23-47/firmware-petalinux/platform/CyDAQ_Linux/export/CyDAQ_Linux/sw/CyDAQ_Linux/linux_domain/sysroot/cortexa9t2hf-neon-xilinx-linux-gnueabi/usr/lib -o "CyDAQ_Comm.elf"  ./src/helloworld.o   --sysroot=/home/longz/sdmay23-47/firmware-petalinux/platform/CyDAQ_Linux/export/CyDAQ_Linux/sw/CyDAQ_Linux/linux_domain/sysroot/cortexa9t2hf-neon-xilinx-linux-gnueabi -Wl,-rpath-link=/home/longz/sdmay23-47/firmware-petalinux/platform/CyDAQ_Linux/export/CyDAQ_Linux/sw/CyDAQ_Linux/linux_domain/sysroot/cortexa9t2hf-neon-xilinx-linux-gnueabi/lib -Wl,-rpath-link=/home/longz/sdmay23-47/firmware-petalinux/platform/CyDAQ_Linux/export/CyDAQ_Linux/sw/CyDAQ_Linux/linux_domain/sysroot/cortexa9t2hf-neon-xilinx-linux-gnueabi/usr/lib
Finished building target: CyDAQ_Comm.elf
 
Invoking: ARM v7 Linux Print Size
arm-linux-gnueabihf-size CyDAQ_Comm.elf  |tee "CyDAQ_Comm.elf.size"
   text	   data	    bss	    dec	    hex	filename
   1087	    316	      4	   1407	    57f	CyDAQ_Comm.elf
Finished building: CyDAQ_Comm.elf.size
 

01:27:37 Build Finished (took 2s.241ms)

