#-----------------------------------------------------------
# Vivado v2019.1 (64-bit)
# SW Build 2552052 on Fri May 24 14:49:42 MDT 2019
# IP Build 2548770 on Fri May 24 18:01:18 MDT 2019
# Start of session at: Sat Aug 22 21:01:28 2020
# Process ID: 2476
# Current directory: C:/Vivado/test/firmware/zybo_z7_firmware/full_firmware_build
# Command line: vivado.exe -gui_launcher_event rodinguilauncherevent14140 C:\Vivado\test\firmware\zybo_z7_firmware\full_firmware_build\full_firmware_build.xpr
# Log file: C:/Vivado/test/firmware/zybo_z7_firmware/full_firmware_build/vivado.log
# Journal file: C:/Vivado/test/firmware/zybo_z7_firmware/full_firmware_build\vivado.jou
#-----------------------------------------------------------
start_gui
open_project C:/Vivado/test/firmware/zybo_z7_firmware/full_firmware_build/full_firmware_build.xpr
update_compile_order -fileset sources_1
launch_sdk -workspace C:/Vivado/test/firmware/zybo_z7_firmware/full_firmware_build/full_firmware_build.sdk -hwspec C:/Vivado/test/firmware/zybo_z7_firmware/full_firmware_build/full_firmware_build.sdk/design_1_wrapper.hdf
file copy -force C:/Vivado/test/firmware/zybo_z7_firmware/full_firmware_build/full_firmware_build.runs/impl_1/design_1_wrapper.sysdef C:/Vivado/test/firmware/zybo_z7_firmware/full_firmware_build/full_firmware_build.sdk/design_1_wrapper.hdf

launch_sdk -workspace C:/Vivado/test/firmware/zybo_z7_firmware/full_firmware_build/full_firmware_build.sdk -hwspec C:/Vivado/test/firmware/zybo_z7_firmware/full_firmware_build/full_firmware_build.sdk/design_1_wrapper.hdf
