#-----------------------------------------------------------
# Vivado v2019.1 (64-bit)
# SW Build 2552052 on Fri May 24 14:49:42 MDT 2019
# IP Build 2548770 on Fri May 24 18:01:18 MDT 2019
# Start of session at: Sun Mar  8 12:53:21 2020
# Process ID: 19828
# Current directory: C:/Vivado/firmware/zybo_z7_firmware/ip_repo
# Command line: vivado.exe -gui_launcher_event rodinguilauncherevent14300 C:\Vivado\firmware\zybo_z7_firmware\ip_repo\edit_axi_pwm_v1_0.xpr
# Log file: C:/Vivado/firmware/zybo_z7_firmware/ip_repo/vivado.log
# Journal file: C:/Vivado/firmware/zybo_z7_firmware/ip_repo\vivado.jou
#-----------------------------------------------------------
start_gui
open_project C:/Vivado/firmware/zybo_z7_firmware/ip_repo/edit_axi_pwm_v1_0.xpr
update_compile_order -fileset sources_1
launch_simulation
launch_simulation
launch_simulation
source gen_pwm_tb.tcl
run 1 ms
close_sim
launch_simulation
source gen_pwm_tb.tcl
run 1 ms
close_sim
launch_simulation
source gen_pwm_tb.tcl
run 10 ms
close_sim
update_compile_order -fileset sources_1
update_compile_order -fileset sources_1
launch_simulation
source gen_pwm_tb.tcl
run 10 ms
close_sim
launch_simulation
source gen_pwm_tb.tcl
run 10 ms
close_sim
update_compile_order -fileset sources_1
update_compile_order -fileset sources_1
launch_simulation
source gen_pwm_tb.tcl
close_sim
launch_simulation
source gen_pwm_tb.tcl
close_sim
launch_simulation
source gen_pwm_tb.tcl
run 10 ms
close_sim
launch_simulation
source gen_pwm_tb.tcl
run 10 ms
close_sim
launch_simulation
source gen_pwm_tb.tcl
run 10 ms
close_sim
launch_simulation
source gen_pwm_tb.tcl
run 10 ms
close_sim
launch_simulation
source gen_pwm_tb.tcl
run 10 ms
close_sim
launch_simulation
source gen_pwm_tb.tcl
run 10 ms
close_sim
launch_simulation
source gen_pwm_tb.tcl
run 10 ms
close_sim
launch_simulation
source gen_pwm_tb.tcl
run 10 ms
close_sim
launch_simulation
source gen_pwm_tb.tcl
run 10 ms
close_sim
launch_simulation
source gen_pwm_tb.tcl
run 10 ms
close_sim
launch_simulation
launch_simulation
source gen_pwm_tb.tcl
run 10 ms
close_sim
launch_simulation
source gen_pwm_tb.tcl
run 10 ms
close_sim
launch_simulation
source gen_pwm_tb.tcl
run 10 ms
close_sim
launch_simulation
source gen_pwm_tb.tcl
run 1 ms
close_sim
ipx::open_ipxact_file {C:\Vivado\firmware\zybo_z7_firmware\ip_repo\axi_pwm_1.0\component.xml}
ipx::unload_core c:/Vivado/firmware/zybo_z7_firmware/ip_repo/axi_pwm_1.0/component.xml
